getpwuid_r did not find a match for uid 501
Filtering the log data using "process == "Foamdev""
Timestamp               Ty Process[PID:TID]
2026-09-11 13:07:35.999 A  Foamdev[43144:4dce79] (RunningBoardServices) observedProcessStatesDidChange
2026-09-11 13:07:36.005 Df Foamdev[43144:4dce79] [com.apple.runningboard:monitor] Received state update for 43144 (app<foam-tv-dev((null))>, unknown-NotVisible
2026-09-11 13:07:36.005 A  Foamdev[43144:4dce79] (RunningBoardServices) didChangeInheritances
2026-09-11 13:07:36.005 I  Foamdev[43144:4dda22] [com.apple.runningboard:monitor] Update delivered for [app<foam-tv-dev((null))>:43144] with taskState 0
2026-09-11 13:07:36.006 Df Foamdev[43144:4d82ab] [com.apple.UIKit:AppLifecycle] sceneOfRecord: sceneID: sceneID:foam-tv-dev-default  persistentID: C4AE952A-AFFB-492D-86F2-BB81F34BE667
2026-09-11 13:07:36.007 Df Foamdev[43144:4d82ab] [com.apple.UIKit:Application] Deactivation reason added: 5; deactivation reasons: 6144 -> 6176; animating application lifecycle event: 1
2026-09-11 13:07:36.007 Df Foamdev[43144:4d82ab] [com.apple.UIKit:Application] Ignoring already applied deactivation reason: 12; deactivation reasons: 6176
2026-09-11 13:07:36.008 A  Foamdev[43144:4d82ab] (StoreKit) StoreKit/QueueCheck
2026-09-11 13:07:36.008 I  Foamdev[43144:4d82ab] [dev.expo.modules:expo] 🟢 Posting 'appEntersForeground' event to registered modules
2026-09-11 13:07:36.007 A  Foamdev[43144:4dda22] (RunningBoardServices) observedProcessStatesDidChange
2026-09-11 13:07:36.010 Df Foamdev[43144:4dda22] [com.apple.runningboard:monitor] Received state update for 43144 (app<foam-tv-dev((null))>, unknown-NotVisible
2026-09-11 13:07:36.010 I  Foamdev[43144:4dda22] [com.apple.runningboard:monitor] Update skipped for [app<foam-tv-dev((null))>:43144]
2026-09-11 13:07:36.011 Df Foamdev[43144:4d82ab] [com.apple.UIKit:Application] Deactivation reason removed: 11; deactivation reasons: 6176 -> 4128; animating application lifecycle event: 1
2026-09-11 13:07:36.011 Df Foamdev[43144:4de66f] [com.apple.UIIntelligenceSupport:xpc] establishing connection to agent
2026-09-11 13:07:36.012 Df Foamdev[43144:4de66f] [com.apple.xpc:session] [0x60000a493bb0] Session created.
2026-09-11 13:07:36.012 Df Foamdev[43144:4de66f] [com.apple.xpc:session] [0x60000a493bb0] Session created from connection [0x102384b10]
2026-09-11 13:07:36.012 Df Foamdev[43144:4de66f] [com.apple.xpc:connection] [0x102384b10] activating connection: mach=true listener=false peer=false name=com.apple.uiintelligencesupport.agent
2026-09-11 13:07:36.012 Df Foamdev[43144:4de66f] [com.apple.xpc:session] [0x60000a493bb0] Session activated
2026-09-11 13:07:36.014 Df Foamdev[43144:4d82ab] [com.apple.UIKit:EventDeferring] [0x60000290e530] [keyboardFocus] Recreation of event deferring records requested: removing recreation reason: detachedContext; for reason: _UIEventDeferringManager: 0x60000290e530: recreating keyboardFocus: context attached for window: 0x101614fe0; contextID: 0xA90BF743
2026-09-11 13:07:36.143 Df Foamdev[43144:4d82ab] [com.apple.UIKit:AppLifecycle] sceneOfRecord: sceneID: sceneID:foam-tv-dev-default  persistentID: C4AE952A-AFFB-492D-86F2-BB81F34BE667
2026-09-11 13:07:36.144 Df Foamdev[43144:4d82ab] [com.apple.UIKit:InterfaceStyle] Not push traits update to screen for new style 1, <UIWindowScene: 0x102108240> (C4AE952A-AFFB-492D-86F2-BB81F34BE667)
2026-09-11 13:07:36.144 Df Foamdev[43144:4d82ab] [com.apple.UIKit:UpdateScheduler] Target list changed: <CADisplay:LCD PurpleMain>
2026-09-11 13:07:36.151 A  Foamdev[43144:4de66f] (RunningBoardServices) didChangeInheritances
2026-09-11 13:07:36.155 A  Foamdev[43144:4dda22] (RunningBoardServices) observedProcessStatesDidChange
2026-09-11 13:07:36.156 Df Foamdev[43144:4dda22] [com.apple.runningboard:monitor] Received state update for 43144 (app<foam-tv-dev((null))>, unknown-NotVisible
2026-09-11 13:07:36.156 A  Foamdev[43144:4dda22] (RunningBoardServices) didChangeInheritances
2026-09-11 13:07:36.156 I  Foamdev[43144:4de66f] [com.apple.runningboard:monitor] Update delivered for [app<foam-tv-dev((null))>:43144] with taskState 0
2026-09-11 13:07:36.161 Df Foamdev[43144:4d82ab] [com.apple.KeyboardArbiter:Client] startConnection
2026-09-11 13:07:36.162 Df Foamdev[43144:4d82ab] [com.apple.xpc:connection] [0x17df60df0] activating connection: mach=true listener=false peer=false name=com.apple.UIKit.KeyboardManagement.hosted
2026-09-11 13:07:36.162 Df Foamdev[43144:4d82ab] [com.apple.UIKit:AppLifecycle] sceneOfRecord: sceneID: sceneID:foam-tv-dev-default  persistentID: C4AE952A-AFFB-492D-86F2-BB81F34BE667
2026-09-11 13:07:36.164 Df Foamdev[43144:4d82ab] [com.apple.KeyboardArbiter:Client] handleKeyboardChange: set currentKeyboard:N (wasKeyboard:N)
2026-09-11 13:07:36.168 Df Foamdev[43144:4de66f] [com.apple.BackBoard:EventDelivery] policyStatus:<BKSHIDEventDeliveryPolicyObserver: 0x60000260c4e0; token: com.apple.frontboard.systemappservices/FBSceneManager:sceneID%3Afoam-tv-dev-default; status: ancestor> was:none
2026-09-11 13:07:36.168 Df Foamdev[43144:4de66f] [com.apple.BackBoard:EventDelivery] policyStatus:<BKSHIDEventDeliveryPolicyObserver: 0x6000028f4a20; environment: keyboardFocus; status: target> was:none
2026-09-11 13:07:36.168 Df Foamdev[43144:4d82ab] [com.apple.UIKit:KeyWindow] Scene target of keyboard event deferring environment did change: 1; scene: UIWindowScene: 0x102108240; scene identity: com.apple.frontboard.systemappservices/FBSceneManager:sceneID%3Afoam-tv-dev-default
2026-09-11 13:07:36.168 Df Foamdev[43144:4d82ab] [com.apple.UIKit:EventDeferring] [0x60000290e530] Scene target of event deferring environments did update: scene: 0x102108240; current systemShellManagesKeyboardFocus: 1; systemShellManagesKeyboardFocusForScene: 0; eligibleForRecordRemoval: 1;
2026-09-11 13:07:36.168 Df Foamdev[43144:4d82ab] [com.apple.UIKit:KeyWindow] Scene became target of keyboard event deferring environment: UIWindowScene: 0x102108240; scene identity: com.apple.frontboard.systemappservices/FBSceneManager:sceneID%3Afoam-tv-dev-default
2026-09-11 13:07:36.170 Df Foamdev[43144:4d82ab] [com.apple.UIKit:AppLifecycle] sceneOfRecord: sceneID: sceneID:foam-tv-dev-default  persistentID: C4AE952A-AFFB-492D-86F2-BB81F34BE667
2026-09-11 13:07:36.261 A  Foamdev[43144:4de66f] (RunningBoardServices) didChangeInheritances
2026-09-11 13:07:36.416 Df Foamdev[43144:4d82ab] [com.apple.UIKit:InterfaceStyle] Not push traits update to screen for new style 1, <UIWindowScene: 0x102108240> (C4AE952A-AFFB-492D-86F2-BB81F34BE667)
2026-09-11 13:07:36.416 Df Foamdev[43144:4d82ab] [com.apple.UIKit:AppLifecycle] sceneOfRecord: sceneID: sceneID:foam-tv-dev-default  persistentID: C4AE952A-AFFB-492D-86F2-BB81F34BE667
2026-09-11 13:07:36.417 Df Foamdev[43144:4d82ab] [com.apple.UIKit:Application] Deactivation reason removed: 12; deactivation reasons: 4128 -> 32; animating application lifecycle event: 1
2026-09-11 13:07:36.417 Df Foamdev[43144:4d82ab] [com.apple.KeyboardArbiter:Client] Send setDeactivating: N (-DeactivationReason:SuspendedEventsOnly)
2026-09-11 13:07:36.419 Df Foamdev[43144:4d82ab] [com.apple.UIKit:Application] Deactivation reason removed: 5; deactivation reasons: 32 -> 0; animating application lifecycle event: 0
2026-09-11 13:07:36.419 I  Foamdev[43144:4d82ab] [dev.expo.modules:expo] 🟢 Posting 'appBecomesActive' event to registered modules
2026-09-11 13:07:36.420 A  Foamdev[43144:4d82ab] (GameController) Notify ApplicationDidBecomeActive
2026-09-11 13:07:36.422 I  Foamdev[43144:4d9f1c] [com.facebook.react.log:javascript] \134^[[34m13:07:36 | \134^[[0m\134^[[45m twitch \134^[[0m\134^[[34m | INFO : https://api.twitch.tv/helix/streams \134^[[0m
2026-09-11 13:07:36.424 Df Foamdev[43144:4de883] [com.apple.CFNetwork:Default] Task <B66F6960-2D65-4602-9EFA-96731DACD9AA>.<7> resuming, timeouts(0.0, 604800.0) qos(0x19) voucher((null)) activity(00000000-0000-0000-0000-000000000000)
2026-09-11 13:07:36.426 Df Foamdev[43144:4d9f68] [com.apple.CFNetwork:Default] Task <D33D8C46-86FC-42D0-9868-752EAFED177A>.<17> resuming, timeouts(0.0, 604800.0) qos(0x19) voucher((null)) activity(00000000-0000-0000-0000-000000000000)
2026-09-11 13:07:36.429 Df Foamdev[43144:4dda22] [com.apple.network:connection] [C17] event: client:connection_reused @194.289s
2026-09-11 13:07:36.429 I  Foamdev[43144:4dda22] [com.apple.network:connection] nw_endpoint_handler_report_connection_idle [C17 IPv4#59b0aa4b:443 ready parent-flow (satisfied (Path is satisfied), interface: en0[802.11], uses wifi, LQM: unknown)] Reporting connection not idle to protocols
2026-09-11 13:07:36.429 I  Foamdev[43144:4dda22] [com.apple.network:connection] nw_flow_passthrough_notify [C17.1.1.1 IPv4#59b0aa4b:443 ready socket-flow (satisfied (Path is satisfied), interface: en0[802.11], uses wifi, LQM: unknown)] received notification connection_idle
2026-09-11 13:07:36.429 Df Foamdev[43144:4dda22] [com.apple.network:connection] nw_protocol_socket_notify [C17.1.1.1:3] nw_protocol_notification_type_connection_idle is false
2026-09-11 13:07:36.429 Df Foamdev[43144:4dda22] [com.apple.CFNetwork:Default] Task <D33D8C46-86FC-42D0-9868-752EAFED177A>.<17> now using Connection 17
2026-09-11 13:07:36.429 Df Foamdev[43144:4dda22] [com.apple.CFNetwork:Default] Task <D33D8C46-86FC-42D0-9868-752EAFED177A>.<17> sent request, body N 0
2026-09-11 13:07:36.578 Df Foamdev[43144:4dda22] [com.apple.CFNetwork:Default] Task <D33D8C46-86FC-42D0-9868-752EAFED177A>.<17> received response, status 200 content U
2026-09-11 13:07:36.578 Df Foamdev[43144:4dda22] [com.apple.CFNetwork:Default] Task <D33D8C46-86FC-42D0-9868-752EAFED177A>.<17> done using Connection 17
2026-09-11 13:07:36.578 Df Foamdev[43144:4dda22] [com.apple.network:connection] [C17] event: client:connection_idle @194.438s
2026-09-11 13:07:36.578 I  Foamdev[43144:4dda22] [com.apple.network:connection] nw_endpoint_handler_report_connection_idle [C17 IPv4#59b0aa4b:443 ready parent-flow (satisfied (Path is satisfied), interface: en0[802.11], uses wifi, LQM: unknown)] Reporting connection idle to protocols
2026-09-11 13:07:36.578 I  Foamdev[43144:4dda22] [com.apple.network:connection] nw_flow_passthrough_notify [C17.1.1.1 IPv4#59b0aa4b:443 ready socket-flow (satisfied (Path is satisfied), interface: en0[802.11], uses wifi, LQM: unknown)] received notification connection_idle
2026-09-11 13:07:36.578 Df Foamdev[43144:4dda22] [com.apple.network:connection] nw_protocol_socket_notify [C17.1.1.1:3] nw_protocol_notification_type_connection_idle is true
2026-09-11 13:07:36.579 Df Foamdev[43144:4dda22] [com.apple.CFNetwork:Default] Task <D33D8C46-86FC-42D0-9868-752EAFED177A>.<17> response ended
2026-09-11 13:07:36.579 Df Foamdev[43144:4dce79] [com.apple.CFNetwork:Summary] Task <D33D8C46-86FC-42D0-9868-752EAFED177A>.<17> summary for task success {transaction_duration_ms=152, response_status=200, connection=17, reused=1, reused_after_ms=33577, request_start_ms=2, request_duration_ms=0, response_start_ms=151, response_duration_ms=1, request_bytes=67, request_throughput_kbps=4125, response_bytes=4276, response_throughput_kbps=28319, cache_hit=false}
2026-09-11 13:07:36.579 I  Foamdev[43144:4de883] [com.apple.runningboard:assertion] Acquiring assertion: <RBSAssertionDescriptor| "com.apple.CFNetwork.StorageDB" ID:(null) target:43144>
2026-09-11 13:07:36.580 Df Foamdev[43144:4dce79] [com.apple.CFNetwork:Default] Task <D33D8C46-86FC-42D0-9868-752EAFED177A>.<17> finished successfully
2026-09-11 13:07:36.581 Df Foamdev[43144:4de802] [com.apple.CFNetwork:Summary] Task <B66F6960-2D65-4602-9EFA-96731DACD9AA>.<7> summary for task success {transaction_duration_ms=154, response_status=200, cache_hit=true}
2026-09-11 13:07:36.581 Df Foamdev[43144:4de802] [com.apple.CFNetwork:Default] Task <B66F6960-2D65-4602-9EFA-96731DACD9AA>.<7> finished successfully
2026-09-11 13:07:36.581 I  Foamdev[43144:4d9f1c] [com.facebook.react.log:javascript] \134^[[34m13:07:36 | \134^[[0m\134^[[45m twitch \134^[[0m\134^[[34m | INFO : GET /helix/streams 200 {"name":"api_info","action":"response_ok","service":"twitch","endpoint":"/helix/streams","host":"api.twitch.tv","method":"GET","provider":"twitch","status":200,"url":"https://api.twitch.tv/helix/streams"} \134^[[0m
2026-09-11 13:07:42.205 Df Foamdev[43144:4de837] [com.apple.coremedia:] <<<< FigExportCommmon >>>> remakerFamily_handleLastStep: (0x333751fb0) state finish writing called
2026-09-11 13:07:42.208 Df Foamdev[43144:4de837] [com.apple.coremedia:] <<<< FigExportCommmon >>>> remakerFamily_handleLastStep: Was not in started state when trying to handle last step finish writing called
2026-09-11 13:07:42.211 Df Foamdev[43144:4df8a9] [com.apple.coremedia:] <<<< FigFile >>>> FigFileForkSynchronize: fsync starts fork 0x6000000ce520 fd 19
2026-09-11 13:07:42.211 Df Foamdev[43144:4df8a9] [com.apple.coremedia:] <<<< FigFile >>>> FigFileForkSynchronize: fsync ends   fork 0x6000000ce520 fd 19
2026-09-11 13:07:42.220 Df Foamdev[43144:4de837] [com.apple.coremedia:] <<<< FigExportCommmon >>>> remakerfamily_setFailureStatusIfError: (0x333751fb0) err 0 state finish writing called
2026-09-11 13:07:42.220 Df Foamdev[43144:4de837] [com.apple.coremedia:] <<<< FigExportCommmon >>>> remakerFamily_handleLastStep: Leaving [0x333751fb0] err 0 state finish writing completed
2026-09-11 13:07:42.222 Df Foamdev[43144:4dce79] [com.apple.coremedia:] <<<< FigExportCommmon >>>> assetReaderTrack_Invalidate: (0x600003a0c000)
2026-09-11 13:07:42.246 Df Foamdev[43144:4de66f] [com.apple.coremedia:] <<<< FigExportCommmon >>>> remakerFamily_Finalize: (0x333751fb0) state invalidated
2026-09-11 13:07:42.246 Df Foamdev[43144:4de66f] [com.apple.coremedia:] <<<< FigExportCommmon >>>> FigAssetReaderTrackFinalize: (0x600003a0c000)
2026-09-11 13:07:42.246 Df Foamdev[43144:4de66f] [com.apple.coremedia:] <<<< FigExportCommmon >>>> assetReaderTrack_Invalidate: (0x600003a0c000)
2026-09-11 13:07:42.246 Df Foamdev[43144:4de66f] (CoreVideo) pool 0x600003504790 being deallocated [0 in use, 3 free] _targetBufferCountsBitfield 0x0
2026-09-11 13:07:42.247 Df Foamdev[43144:4de66f] (CoreVideo) pool 0x0 being deallocated [0 in use, 0 free] _targetBufferCountsBitfield 0x0
2026-09-11 13:07:42.247 Df Foamdev[43144:4de66f] (CoreVideo) pool 0x600003508bb0 being deallocated [0 in use, 0 free] _targetBufferCountsBitfield 0x0
2026-09-11 13:07:42.247 Df Foamdev[43144:4de66f] (CoreVideo) pool 0x0 being deallocated [0 in use, 0 free] _targetBufferCountsBitfield 0x0
2026-09-11 13:07:46.714 Df Foamdev[43144:4df8a4] [com.apple.coremedia:] <<<< FigExportCommmon >>>> remakerFamily_handleLastStep: (0x102118c20) state finish writing called
2026-09-11 13:07:46.714 Df Foamdev[43144:4df8a4] [com.apple.coremedia:] <<<< FigExportCommmon >>>> remakerFamily_handleLastStep: Was not in started state when trying to handle last step finish writing called
2026-09-11 13:07:46.715 Df Foamdev[43144:4dfa79] [com.apple.coremedia:] <<<< FigFile >>>> FigFileForkSynchronize: fsync starts fork 0x600000096b90 fd 19
2026-09-11 13:07:46.715 Df Foamdev[43144:4dfa79] [com.apple.coremedia:] <<<< FigFile >>>> FigFileForkSynchronize: fsync ends   fork 0x600000096b90 fd 19
2026-09-11 13:07:46.723 Df Foamdev[43144:4df8a4] [com.apple.coremedia:] <<<< FigExportCommmon >>>> remakerfamily_setFailureStatusIfError: (0x102118c20) err 0 state finish writing called
2026-09-11 13:07:46.725 Df Foamdev[43144:4df8a4] [com.apple.coremedia:] <<<< FigExportCommmon >>>> remakerFamily_handleLastStep: Leaving [0x102118c20] err 0 state finish writing completed
2026-09-11 13:07:46.727 Df Foamdev[43144:4de884] [com.apple.coremedia:] <<<< FigExportCommmon >>>> assetReaderTrack_Invalidate: (0x6000039ebe90)
2026-09-11 13:07:46.734 Df Foamdev[43144:4dce79] [com.apple.coremedia:] <<<< FigExportCommmon >>>> remakerFamily_Finalize: (0x102118c20) state invalidated
2026-09-11 13:07:46.735 Df Foamdev[43144:4dce79] [com.apple.coremedia:] <<<< FigExportCommmon >>>> FigAssetReaderTrackFinalize: (0x6000039ebe90)
2026-09-11 13:07:46.736 Df Foamdev[43144:4dce79] [com.apple.coremedia:] <<<< FigExportCommmon >>>> assetReaderTrack_Invalidate: (0x6000039ebe90)
2026-09-11 13:07:46.736 Df Foamdev[43144:4dce79] (CoreVideo) pool 0x6000036b9080 being deallocated [0 in use, 3 free] _targetBufferCountsBitfield 0x0
2026-09-11 13:07:46.737 Df Foamdev[43144:4dce79] (CoreVideo) pool 0x0 being deallocated [0 in use, 0 free] _targetBufferCountsBitfield 0x0
2026-09-11 13:07:46.737 Df Foamdev[43144:4dce79] (CoreVideo) pool 0x6000036bad60 being deallocated [0 in use, 0 free] _targetBufferCountsBitfield 0x0
2026-09-11 13:07:46.738 Df Foamdev[43144:4dce79] (CoreVideo) pool 0x0 being deallocated [0 in use, 0 free] _targetBufferCountsBitfield 0x0
Child process terminated with signal 15: Terminated
