// Jest Snapshot v1, https://goo.gl/fbAQLP

exports[`LiveStreamCard renders correctly 1`] = `
<RNGestureHandlerButton
  collapsable={false}
  delayLongPress={600}
  enabled={true}
  exclusive={true}
  handlerTag={1}
  handlerType="NativeViewGestureHandler"
  innerRef={null}
  onGestureEvent={[Function]}
  onGestureHandlerEvent={[Function]}
  onGestureHandlerStateChange={[Function]}
  onHandlerStateChange={[Function]}
  rippleColor={0}
  style={
    [
      undefined,
      {
        "cursor": undefined,
      },
    ]
  }
  touchSoundDisabled={false}
>
  <View
    accessible={true}
    collapsable={false}
    style={
      {
        "opacity": 1,
      }
    }
  >
    <View
      style={
        {
          "flex": 1,
          "flexDirection": "row",
        }
      }
    >
      <View
        style={
          {
            "position": "relative",
          }
        }
      >
        <View
          style={
            [
              {
                "height": 100,
                "width": 130,
              },
              {
                "borderRadius": 2,
                "marginRight": 16,
                "overflow": "hidden",
              },
              undefined,
            ]
          }
        >
          <ViewManagerAdapter_ExpoImage
            containerViewRef={"[React.ref]"}
            contentFit="cover"
            contentPosition={
              {
                "left": "50%",
                "top": "50%",
              }
            }
            height={100}
            nativeViewRef={"[React.ref]"}
            onError={[Function]}
            onLoad={[Function]}
            onLoadStart={[Function]}
            onProgress={[Function]}
            placeholder={[]}
            source={
              [
                {
                  "uri": "https://example.com/thumbnail.jpg",
                },
              ]
            }
            style={
              {
                "height": 100,
                "width": 130,
              }
            }
            testID="LiveStreamImage-image"
            transition={
              {
                "duration": 300,
              }
            }
            width={130}
          />
        </View>
        <View
          style={
            {
              "alignItems": "center",
              "backgroundColor": "rgba(0, 0, 0, 0.5)",
              "borderRadius": 5,
              "flexDirection": "row",
              "left": 3,
              "paddingHorizontal": 8,
              "paddingVertical": 4,
              "position": "absolute",
              "top": 3,
            }
          }
        >
          <View
            style={
              {
                "backgroundColor": "red",
                "borderRadius": 4,
                "height": 8,
                "marginRight": 5,
                "width": 8,
              }
            }
          />
          <Text
            style={
              [
                [
                  {
                    "fontSize": 16,
                    "lineHeight": 17.6,
                  },
                  {
                    "fontFamily": "gothamSsmBook",
                  },
                  {
                    "color": "#F8F7F7",
                    "lineHeight": 22,
                  },
                ],
                undefined,
                undefined,
                {
                  "color": "white",
                  "fontSize": 12,
                  "fontWeight": "bold",
                },
              ]
            }
          >
            00m
          </Text>
        </View>
      </View>
      <View
        style={
          {
            "flex": 1,
            "justifyContent": "flex-start",
          }
        }
      >
        <Text
          preset="streamTitle"
          style={
            [
              [
                [
                  {
                    "fontSize": 16,
                    "lineHeight": 17.6,
                  },
                  {
                    "fontFamily": "gothamRoundedBook",
                  },
                  {
                    "color": "#F8F7F7",
                  },
                ],
                {
                  "fontSize": 12,
                  "lineHeight": 13.2,
                },
                {
                  "fontFamily": "gothamRoundedMedium",
                },
              ],
              undefined,
              undefined,
              undefined,
            ]
          }
        >
          Test Stream Title
        </Text>
        <View
          style={
            {
              "flex": 1,
              "flexDirection": "column",
              "marginTop": 16,
            }
          }
        >
          <View
            style={
              {
                "alignItems": "center",
                "flexDirection": "row",
                "marginBottom": 5,
                "marginTop": 5,
              }
            }
          >
            <ViewManagerAdapter_ExpoImage
              borderRadius={13}
              containerViewRef={"[React.ref]"}
              contentFit="cover"
              contentPosition={
                {
                  "left": "50%",
                  "top": "50%",
                }
              }
              height={20}
              marginRight={5}
              nativeViewRef={"[React.ref]"}
              onError={[Function]}
              onLoad={[Function]}
              onLoadStart={[Function]}
              onProgress={[Function]}
              placeholder={[]}
              source={
                [
                  {
                    "uri": undefined,
                  },
                ]
              }
              style={
                {
                  "borderRadius": 13,
                  "height": 20,
                  "marginRight": 5,
                  "width": 20,
                }
              }
              testID="LiveStreamCard-avatar"
              transition={null}
              width={20}
            />
            <Text
              preset="tag"
              style={
                [
                  [
                    [
                      {
                        "fontSize": 16,
                        "lineHeight": 17.6,
                      },
                      {
                        "fontFamily": "gothamRoundedBook",
                      },
                      {
                        "color": "#F8F7F7",
                      },
                    ],
                    {
                      "fontSize": 14,
                      "lineHeight": 15.4,
                    },
                    {
                      "fontFamily": "gothamRoundedMedium",
                    },
                  ],
                  undefined,
                  undefined,
                  undefined,
                ]
              }
            >
              Test user
            </Text>
          </View>
          <Text
            preset="streamTitle"
            style={
              [
                [
                  [
                    {
                      "fontSize": 16,
                      "lineHeight": 17.6,
                    },
                    {
                      "fontFamily": "gothamRoundedBook",
                    },
                    {
                      "color": "#F8F7F7",
                    },
                  ],
                  {
                    "fontSize": 12,
                    "lineHeight": 13.2,
                  },
                  {
                    "fontFamily": "gothamRoundedMedium",
                  },
                ],
                undefined,
                undefined,
                undefined,
              ]
            }
          >
            10,000
             
            viewers
          </Text>
        </View>
      </View>
    </View>
    <View
      style={
        {
          "marginTop": 8,
        }
      }
    >
      <View
        style={
          {
            "marginBottom": 16,
          }
        }
      >
        <RCTScrollView
          data={
            [
              "stream",
              "live",
              "2024",
              "foam",
            ]
          }
          getItem={[Function]}
          getItemCount={[Function]}
          horizontal={true}
          keyExtractor={[Function]}
          onContentSizeChange={[Function]}
          onLayout={[Function]}
          onMomentumScrollBegin={[Function]}
          onMomentumScrollEnd={[Function]}
          onScroll={[Function]}
          onScrollBeginDrag={[Function]}
          onScrollEndDrag={[Function]}
          removeClippedSubviews={false}
          renderItem={[Function]}
          scrollEventThrottle={0.0001}
          showsHorizontalScrollIndicator={false}
          stickyHeaderIndices={[]}
          viewabilityConfigCallbackPairs={[]}
        >
          <View>
            <View
              onFocusCapture={[Function]}
              onLayout={[Function]}
              style={
                [
                  {
                    "flexDirection": "row",
                  },
                  null,
                ]
              }
            >
              <View
                style={
                  {
                    "borderColor": "#776EFB",
                    "borderRadius": 4,
                    "borderWidth": 0.2,
                    "marginBottom": 8,
                    "marginRight": 8,
                    "paddingHorizontal": 8,
                    "paddingVertical": 2,
                  }
                }
              >
                <Text
                  preset="tag"
                  style={
                    [
                      [
                        [
                          {
                            "fontSize": 16,
                            "lineHeight": 17.6,
                          },
                          {
                            "fontFamily": "gothamRoundedBook",
                          },
                          {
                            "color": "#F8F7F7",
                          },
                        ],
                        {
                          "fontSize": 14,
                          "lineHeight": 15.4,
                        },
                        {
                          "fontFamily": "gothamRoundedMedium",
                        },
                      ],
                      undefined,
                      undefined,
                      {
                        "color": "#F8F7F7",
                      },
                    ]
                  }
                >
                  stream
                </Text>
              </View>
            </View>
            <View
              onFocusCapture={[Function]}
              onLayout={[Function]}
              style={
                [
                  {
                    "flexDirection": "row",
                  },
                  null,
                ]
              }
            >
              <View
                style={
                  {
                    "borderColor": "#776EFB",
                    "borderRadius": 4,
                    "borderWidth": 0.2,
                    "marginBottom": 8,
                    "marginRight": 8,
                    "paddingHorizontal": 8,
                    "paddingVertical": 2,
                  }
                }
              >
                <Text
                  preset="tag"
                  style={
                    [
                      [
                        [
                          {
                            "fontSize": 16,
                            "lineHeight": 17.6,
                          },
                          {
                            "fontFamily": "gothamRoundedBook",
                          },
                          {
                            "color": "#F8F7F7",
                          },
                        ],
                        {
                          "fontSize": 14,
                          "lineHeight": 15.4,
                        },
                        {
                          "fontFamily": "gothamRoundedMedium",
                        },
                      ],
                      undefined,
                      undefined,
                      {
                        "color": "#F8F7F7",
                      },
                    ]
                  }
                >
                  live
                </Text>
              </View>
            </View>
            <View
              onFocusCapture={[Function]}
              onLayout={[Function]}
              style={
                [
                  {
                    "flexDirection": "row",
                  },
                  null,
                ]
              }
            >
              <View
                style={
                  {
                    "borderColor": "#776EFB",
                    "borderRadius": 4,
                    "borderWidth": 0.2,
                    "marginBottom": 8,
                    "marginRight": 8,
                    "paddingHorizontal": 8,
                    "paddingVertical": 2,
                  }
                }
              >
                <Text
                  preset="tag"
                  style={
                    [
                      [
                        [
                          {
                            "fontSize": 16,
                            "lineHeight": 17.6,
                          },
                          {
                            "fontFamily": "gothamRoundedBook",
                          },
                          {
                            "color": "#F8F7F7",
                          },
                        ],
                        {
                          "fontSize": 14,
                          "lineHeight": 15.4,
                        },
                        {
                          "fontFamily": "gothamRoundedMedium",
                        },
                      ],
                      undefined,
                      undefined,
                      {
                        "color": "#F8F7F7",
                      },
                    ]
                  }
                >
                  2024
                </Text>
              </View>
            </View>
            <View
              onFocusCapture={[Function]}
              onLayout={[Function]}
              style={
                [
                  {
                    "flexDirection": "row",
                  },
                  null,
                ]
              }
            >
              <View
                style={
                  {
                    "borderColor": "#776EFB",
                    "borderRadius": 4,
                    "borderWidth": 0.2,
                    "marginBottom": 8,
                    "marginRight": 8,
                    "paddingHorizontal": 8,
                    "paddingVertical": 2,
                  }
                }
              >
                <Text
                  preset="tag"
                  style={
                    [
                      [
                        [
                          {
                            "fontSize": 16,
                            "lineHeight": 17.6,
                          },
                          {
                            "fontFamily": "gothamRoundedBook",
                          },
                          {
                            "color": "#F8F7F7",
                          },
                        ],
                        {
                          "fontSize": 14,
                          "lineHeight": 15.4,
                        },
                        {
                          "fontFamily": "gothamRoundedMedium",
                        },
                      ],
                      undefined,
                      undefined,
                      {
                        "color": "#F8F7F7",
                      },
                    ]
                  }
                >
                  foam
                </Text>
              </View>
            </View>
          </View>
        </RCTScrollView>
      </View>
    </View>
  </View>
</RNGestureHandlerButton>
`;
