// Jest Snapshot v1, https://goo.gl/fbAQLP

exports[`LiveStreamCard renders correctly 1`] = `
<View
  accessibilityState={
    {
      "busy": undefined,
      "checked": undefined,
      "disabled": undefined,
      "expanded": undefined,
      "selected": undefined,
    }
  }
  accessibilityValue={
    {
      "max": undefined,
      "min": undefined,
      "now": undefined,
      "text": undefined,
    }
  }
  accessible={true}
  collapsable={false}
  focusable={true}
  onClick={[Function]}
  onResponderGrant={[Function]}
  onResponderMove={[Function]}
  onResponderRelease={[Function]}
  onResponderTerminate={[Function]}
  onResponderTerminationRequest={[Function]}
  onStartShouldSetResponder={[Function]}
  style={
    {
      "opacity": 1,
    }
  }
>
  <View
    style={
      {
        "columnGap": 4,
        "flex": 1,
        "flexDirection": "row",
        "marginBottom": 8,
        "paddingHorizontal": 4,
        "paddingVertical": 16,
      }
    }
  >
    <View
      style={
        {
          "position": "relative",
        }
      }
    >
      <ViewManagerAdapter_ExpoImage
        containerViewRef={"[React.ref]"}
        contentFit="cover"
        contentPosition={
          {
            "left": "50%",
            "top": "50%",
          }
        }
        height={100}
        nativeViewRef={"[React.ref]"}
        onError={[Function]}
        onLoad={[Function]}
        onLoadStart={[Function]}
        onProgress={[Function]}
        placeholder={[]}
        source={
          [
            {
              "uri": "https://example.com/thumbnail.jpg",
            },
          ]
        }
        style={
          {
            "height": 100,
            "width": 150,
          }
        }
        transition={null}
        width={150}
      />
      <View
        style={
          {
            "alignItems": "center",
            "backgroundColor": "rgba(0, 0, 0, 0.5)",
            "borderRadius": 5,
            "flexDirection": "row",
            "left": 3,
            "paddingHorizontal": 8,
            "paddingVertical": 4,
            "position": "absolute",
            "top": 3,
          }
        }
      >
        <View
          style={
            {
              "backgroundColor": "red",
              "borderRadius": 4,
              "height": 8,
              "marginRight": 5,
              "width": 8,
            }
          }
        />
        <Text
          style={
            [
              {
                "color": "rgba(255, 255, 255, 0.8)",
                "fontFamily": "Inter",
                "fontSize": 16,
                "fontWeight": 400,
              },
              {
                "color": "white",
                "fontSize": 12,
                "fontWeight": "bold",
              },
            ]
          }
        >
          00m
        </Text>
      </View>
    </View>
    <View
      style={
        {
          "flex": 1,
          "justifyContent": "flex-start",
          "marginLeft": 8,
        }
      }
    >
      <Text
        style={
          [
            {
              "color": "rgba(255, 255, 255, 0.8)",
              "fontFamily": "Inter",
              "fontSize": 14,
              "fontWeight": 600,
            },
            undefined,
          ]
        }
      >
        Test Stream Title
      </Text>
      <View
        style={
          {
            "marginVertical": 4,
          }
        }
      >
        <View
          style={
            {
              "alignItems": "center",
              "flexDirection": "row",
              "marginVertical": 8,
            }
          }
        >
          <ViewManagerAdapter_ExpoImage
            borderRadius={10}
            containerViewRef={"[React.ref]"}
            contentFit="cover"
            contentPosition={
              {
                "left": "50%",
                "top": "50%",
              }
            }
            height={20}
            marginRight={2}
            nativeViewRef={"[React.ref]"}
            onError={[Function]}
            onLoad={[Function]}
            onLoadStart={[Function]}
            onProgress={[Function]}
            placeholder={[]}
            source={
              [
                {
                  "uri": "https://example.com/avatar.jpg",
                },
              ]
            }
            style={
              {
                "borderRadius": 10,
                "height": 20,
                "marginRight": 2,
                "width": 20,
              }
            }
            testID="LiveStreamCard-avatar"
            transition={null}
            width={20}
          />
          <Text
            style={
              [
                {
                  "color": "rgba(255, 255, 255, 0.8)",
                  "fontFamily": "Inter",
                  "fontSize": 16,
                  "fontWeight": 400,
                },
                undefined,
              ]
            }
          >
             
            Test user
          </Text>
        </View>
        <Text
          style={
            [
              {
                "color": "rgba(255, 255, 255, 0.8)",
                "fontFamily": "Inter",
                "fontSize": 12,
                "fontWeight": 400,
              },
              undefined,
            ]
          }
        >
          10,000
           viewers
        </Text>
      </View>
      <Text
        style={
          [
            {
              "color": "rgba(255, 255, 255, 0.8)",
              "fontFamily": "Inter",
              "fontSize": 12,
              "fontWeight": 400,
            },
            undefined,
          ]
        }
      >
        Just Chatting
      </Text>
    </View>
  </View>
</View>
`;
